// Jest Snapshot v1, https://goo.gl/fbAQLP

exports[`matches snapshot 1`] = `
<div
  className="gallery"
  data-testid="gallery"
>
  <div
    className="piece-container"
  >
    <img
      alt="done_crying"
      className="piece"
      src="done_crying.png"
    />
    <div
      className="caption"
    >
      <h1>
        (done) crying
      </h1>
      <p>
        reflection of anxiety in someone
      </p>
    </div>
  </div>
  <div
    className="piece-container"
  >
    <img
      alt="3am_vibes"
      className="piece"
      src="3am_vibes.png"
    />
    <div
      className="caption"
    >
      <h1>
        (done) crying
      </h1>
      <p>
        reflection of anxiety in someone
      </p>
    </div>
  </div>
  <div
    className="piece-container"
  >
    <img
      alt="kamn"
      className="piece"
      src="kamn.png"
    />
    <div
      className="caption"
    >
      <h1>
        (done) crying
      </h1>
      <p>
        reflection of anxiety in someone
      </p>
    </div>
  </div>
  <div
    className="piece-container"
  >
    <img
      alt="colours"
      className="piece"
      src="colours.png"
    />
    <div
      className="caption"
    >
      <h1>
        (done) crying
      </h1>
      <p>
        reflection of anxiety in someone
      </p>
    </div>
  </div>
  <div
    className="piece-container"
  >
    <img
      alt="mental_torture"
      className="piece"
      src="mental_torture.png"
    />
    <div
      className="caption"
    >
      <h1>
        (done) crying
      </h1>
      <p>
        reflection of anxiety in someone
      </p>
    </div>
  </div>
  <div
    className="piece-container"
  >
    <img
      alt="hands_down"
      className="piece"
      src="hands_down.png"
    />
    <div
      className="caption"
    >
      <h1>
        (done) crying
      </h1>
      <p>
        reflection of anxiety in someone
      </p>
    </div>
  </div>
  <div
    className="piece-container"
  >
    <img
      alt="i_hope"
      className="piece"
      src="i_hope_to_be_around.png"
    />
    <div
      className="caption"
    >
      <h1>
        (done) crying
      </h1>
      <p>
        reflection of anxiety in someone
      </p>
    </div>
  </div>
  <div
    className="piece-container"
  >
    <img
      alt="griselda"
      className="piece"
      src="griselda.png"
    />
    <div
      className="caption"
    >
      <h1>
        (done) crying
      </h1>
      <p>
        reflection of anxiety in someone
      </p>
    </div>
  </div>
</div>
`;
