// Jest Snapshot v1, https://goo.gl/fbAQLP

exports[`matches snaphshot 1`] = `
<div>
  <div
    data-testid="empty-div"
  />
</div>
`;
